[sp21.datastructur.es/index.html]
[backblue.gif]
[fade.gif]
[index.html]
[sp21.datastructur.es/assets/images/josh4.png]
[sp21.datastructur.es/assets/css/common.css]
[sp21.datastructur.es/assets/css/sunburst.css]
[sp21.datastructur.es/assets/img/favicon.ico]
[sp21.datastructur.es/assets/js/script.js]
[sp21.datastructur.es/assets/js/jquery.min.js]
[sp21.datastructur.es/assets/js/cheet.min.js]
[sp21.datastructur.es/assets/css/index.css]
[sp21.datastructur.es/assets/css/fullcalendar.min.css]
[sp21.datastructur.es/assets/css/calendar.css]
[unpkg.com/tippy.js@3.4.1/dist/themes/light.css]
[sp21.datastructur.es/assets/js/moment.min.js]
[sp21.datastructur.es/assets/css/font-awesome.min.css]
[unpkg.com/tippy.js@3.4.1/dist/tippy.all.min.js]
[sp21.datastructur.es/assets/js/fullcalendar.min.js]
[sp21.datastructur.es/index-2.html]
[sp21.datastructur.es/about.html]
[sp21.datastructur.es/staff.html]
[sp21.datastructur.es/exams.html]
[sp21.datastructur.es/resources.html]
[sp21.datastructur.es/announcements.html]
[sp21.datastructur.es/materials/proj/proj2/proj2.html]
[sp21.datastructur.es/materials/guides/staff-gitlet.html]
[sp21.datastructur.es/materials/hw/hw2/hw2.pdf]
[sp21.datastructur.es/materials/guides/gitbugs.html]
[sp21.datastructur.es/materials/guides/ed-policies.html]
[sp21.datastructur.es/materials/guides/ed-guide.html]
[sp21.datastructur.es/materials/proj/proj1/proj1.html]
[sp21.datastructur.es/about-2.html]
[sp21.datastructur.es/materials/guides/office-hours.html]
[sp21.datastructur.es/materials/lab/lab1setup/lab1setup.html]
[sp21.datastructur.es/materials/lab/lab1/lab1.html]
[sp21.datastructur.es/materials/guides/beacon-guide.html]
[sp21.datastructur.es/materials/hw/hw0/hw0.html]
[sp21.datastructur.es/materials/proj/proj0/proj0.html]
[sp21.datastructur.es/materials/guides/partnerships3.html]
[sp21.datastructur.es/materials/lectures/lec1/lec1.html]
[sp21.datastructur.es/materials/lectures/lec2/lec2.html]
[sp21.datastructur.es/materials/lectures/lec7/lec7.html]
[sp21.datastructur.es/materials/discussion/disc02.pdf]
[sp21.datastructur.es/materials/discussion/disc02sol.pdf]
[sp21.datastructur.es/materials/discussion/examprep02.pdf]
[sp21.datastructur.es/materials/proj/proj3/proj3.html]
[sp21.datastructur.es/materials/discussion/examprep02sol.pdf]
[sp21.datastructur.es/materials/lab/lab2/lab2.html]
[sp21.datastructur.es/materials/lectures/lec3/lec3.html]
[sp21.datastructur.es/materials/lectures/lec5/lec5.html]
[sp21.datastructur.es/materials/lectures/lec4/lec4.html]
[sp21.datastructur.es/materials/discussion/disc03.pdf]
[sp21.datastructur.es/materials/discussion/disc03sol.pdf]
[sp21.datastructur.es/materials/discussion/examprep03.pdf]
[sp21.datastructur.es/materials/discussion/examprep03sol.pdf]
[sp21.datastructur.es/materials/lab/lab3/lab3.html]
[sp21.datastructur.es/materials/lectures/lec6/lec6.html]
[sp21.datastructur.es/materials/lectures/lec8/lec8.html]
[sp21.datastructur.es/materials/lectures/lec9/lec9.html]
[sp21.datastructur.es/materials/discussion/disc04.pdf]
[sp21.datastructur.es/materials/discussion/disc04sol.pdf]
[sp21.datastructur.es/materials/discussion/examprep04.pdf]
[sp21.datastructur.es/materials/discussion/examprep04sol.pdf]
[sp21.datastructur.es/materials/lab/lab4/lab4.html]
[sp21.datastructur.es/materials/lectures/lec10/lec10.html]
[sp21.datastructur.es/materials/lectures/lec11/lec11.html]
[sp21.datastructur.es/materials/discussion/disc05.pdf]
[sp21.datastructur.es/materials/discussion/disc05sol.pdf]
[sp21.datastructur.es/materials/discussion/examprep05.pdf]
[sp21.datastructur.es/materials/discussion/examprep05sol.pdf]
[sp21.datastructur.es/materials/lab/lab5/lab5.html]
[sp21.datastructur.es/materials/lectures/lec13/lec13.html]
[sp21.datastructur.es/materials/lectures/lec14/lec14.html]
[sp21.datastructur.es/materials/discussion/disc06.pdf]
[sp21.datastructur.es/materials/discussion/disc06sol.pdf]
[sp21.datastructur.es/materials/discussion/examprep06.pdf]
[sp21.datastructur.es/materials/discussion/examprep06sol.pdf]
[sp21.datastructur.es/materials/lab/lab6/lab6.html]
[sp21.datastructur.es/materials/lectures/lec15/lec15.html]
[sp21.datastructur.es/materials/lectures/lec16/lec16.html]
[sp21.datastructur.es/materials/lectures/lec17/lec17.html]
[sp21.datastructur.es/materials/discussion/disc07.pdf]
[sp21.datastructur.es/materials/discussion/disc07sol.pdf]
[sp21.datastructur.es/materials/discussion/examprep07.pdf]
[sp21.datastructur.es/materials/discussion/examprep07sol.pdf]
[sp21.datastructur.es/materials/lab/lab7/lab7.html]
[sp21.datastructur.es/materials/lectures/lec18/lec18.html]
[sp21.datastructur.es/materials/lectures/lec20/lec20.html]
[sp21.datastructur.es/materials/lectures/lec21/lec21.html]
[sp21.datastructur.es/materials/discussion/disc08.pdf]
[sp21.datastructur.es/materials/discussion/disc08sol.pdf]
[sp21.datastructur.es/materials/discussion/examprep08.pdf]
[sp21.datastructur.es/materials/discussion/examprep08sol.pdf]
[sp21.datastructur.es/materials/lab/lab8/lab8.html]
[sp21.datastructur.es/materials/lectures/lec23/lec23.html]
[sp21.datastructur.es/materials/lectures/lec24/lec24.html]
[sp21.datastructur.es/materials/lectures/lec25/lec25.html]
[sp21.datastructur.es/materials/discussion/disc09.pdf]
[sp21.datastructur.es/materials/discussion/disc09sol.pdf]
[sp21.datastructur.es/materials/discussion/examprep09.pdf]
[sp21.datastructur.es/materials/discussion/examprep09sol.pdf]
[sp21.datastructur.es/materials/lectures/lec26/lec26.html]
[sp21.datastructur.es/materials/lectures/lec19/lec19.html]
[sp21.datastructur.es/materials/lectures/lec22/lec22.html]
[sp21.datastructur.es/materials/discussion/disc10.pdf]
[sp21.datastructur.es/materials/discussion/disc10sol.pdf]
[sp21.datastructur.es/materials/discussion/examprep10.pdf]
[sp21.datastructur.es/materials/discussion/examprep10sol.pdf]
[sp21.datastructur.es/materials/lectures/lec31/lec31.html]
[sp21.datastructur.es/materials/lectures/lec29/lec29.html]
[sp21.datastructur.es/materials/discussion/disc11.pdf]
[sp21.datastructur.es/materials/discussion/disc11sol.pdf]
[sp21.datastructur.es/materials/discussion/examprep11.pdf]
[sp21.datastructur.es/materials/discussion/examprep11sol.pdf]
[sp21.datastructur.es/materials/lab/lab12/lab12.html]
[sp21.datastructur.es/materials/lectures/lec30/lec30.html]
[sp21.datastructur.es/materials/proj/proj3/proj3GameSharing.html]
[sp21.datastructur.es/materials/lectures/lec34/lec34.html]
[sp21.datastructur.es/materials/lectures/lec32/lec32.html]
[sp21.datastructur.es/materials/discussion/disc12.pdf]
[sp21.datastructur.es/materials/discussion/disc12sol.pdf]
[sp21.datastructur.es/materials/discussion/examprep12.pdf]
[sp21.datastructur.es/materials/discussion/examprep12sol.pdf]
[sp21.datastructur.es/materials/lab/lab13/lab13.html]
[sp21.datastructur.es/materials/lectures/lec37/lec37.html]
[sp21.datastructur.es/materials/lectures/lec33/lec33.html]
[sp21.datastructur.es/materials/lectures/lec35/lec35.html]
[sp21.datastructur.es/materials/discussion/disc13.pdf]
[sp21.datastructur.es/materials/discussion/disc13sol.pdf]
[sp21.datastructur.es/materials/discussion/examprep13.pdf]
[sp21.datastructur.es/materials/discussion/examprep13sol.pdf]
[sp21.datastructur.es/materials/hw/hw3/hw3.pdf]
[sp21.datastructur.es/materials/lectures/lec36/lec36.html]
[sp21.datastructur.es/materials/lectures/lec38/lec38.html]
[sp21.datastructur.es/assets/img/googlecal.png]
[sp21.datastructur.es/assets/img/ical.png]
[sp21.datastructur.es/assets/js/calendar.js]
[sp21.datastructur.es/assets/js/gcal.js]
[sp21.datastructur.es/assets/js/announcements.js]
[sp21.datastructur.es/assets/js/top.js]
[sp21.datastructur.es/index.html]
[sp21.datastructur.es/assets/images/josh4.html]
[sp21.datastructur.es/assets/css/common.css]
[sp21.datastructur.es/assets/fonts/fontawesome-webfont3e6e.eot]
[sp21.datastructur.es/assets/fonts/fontawesome-webfont3e6e.woff2]
[sp21.datastructur.es/assets/fonts/fontawesome-webfontd41d.eot]
[sp21.datastructur.es/assets/fonts/fontawesome-webfont3e6e.woff]
[sp21.datastructur.es/assets/css/font-awesome.min.css]
[sp21.datastructur.es/assets/css/sunburst.css]
[sp21.datastructur.es/assets/css/index.css]
[sp21.datastructur.es/assets/css/fullcalendar.min.css]
[sp21.datastructur.es/assets/css/calendar.css]
[unpkg.com/tippy.js@3.4.1/dist/themes/light.css]
[sp21.datastructur.es/index-2.html]
[sp21.datastructur.es/assets/fonts/fontawesome-webfont3e6e.ttf]
[sp21.datastructur.es/assets/fonts/fontawesome-webfont3e6e.svg]
[sp21.datastructur.es/assets/css/about.css]
[cdn.mathjax.org/mathjax/latest/MathJaxb198.js]
[sp21.datastructur.es/materials/guides/getting-started.html]
[sp21.datastructur.es/materials/47b/47b.html]
[sp21.datastructur.es/materials/guides/discord-guide.html]
[sp21.datastructur.es/materials/guides/style-guide.html]
[sp21.datastructur.es/materials/guides/partnerships.html]
[sp21.datastructur.es/about.html]
[sp21.datastructur.es/materials/guides/incident-reports-2017.html]
[sp21.datastructur.es/assets/css/staff.css]
[sp21.datastructur.es/assets/img/staff/hug1.jpg]
[sp21.datastructur.es/assets/img/staff/hug2.jpg]
[sp21.datastructur.es/assets/img/staff/hug3.jpg]
[sp21.datastructur.es/assets/img/staff/ada-hu-1.jpg]
[sp21.datastructur.es/assets/img/staff/ajay-singh-1.jpg]
[sp21.datastructur.es/assets/img/staff/alex-schedel-1.jpg]
[sp21.datastructur.es/assets/img/staff/allyson-park-1.jpg]
[sp21.datastructur.es/assets/img/staff/anjali-kantharuban-1.jpg]
[sp21.datastructur.es/assets/img/staff/anton-zabreyko-1.jpg]
[sp21.datastructur.es/assets/img/staff/aram-kazorian-1.jpg]
[sp21.datastructur.es/assets/img/staff/arjun-sahai-1.jpg]
[sp21.datastructur.es/assets/img/staff/boren-tsai-1.jpg]
[sp21.datastructur.es/assets/img/staff/cindy-zhang-1.jpg]
[sp21.datastructur.es/assets/img/staff/claire-ko-1.jpg]
[sp21.datastructur.es/assets/img/staff/connor-lafferty-1.jpg]
[sp21.datastructur.es/assets/img/staff/crystal-wang-1.jpg]
[sp21.datastructur.es/assets/img/staff/eric-tang-1.jpg]
[sp21.datastructur.es/assets/img/staff/eric-zhu-1.jpg]
[sp21.datastructur.es/assets/img/staff/ethan-mehta-1.jpg]
[sp21.datastructur.es/assets/img/staff/fatema-yasini-1.jpg]
[sp21.datastructur.es/assets/img/staff/grace-altree-1.jpg]
[sp21.datastructur.es/assets/img/staff/hannah-yan-1.jpg]
[sp21.datastructur.es/hannahly.github.io]
[sp21.datastructur.es/assets/img/staff/henry-maier-1.jpg]
[sp21.datastructur.es/assets/img/staff/isha-srinivasan-1.jpg]
[sp21.datastructur.es/assets/img/staff/itai-smith-1.jpg]
[sp21.datastructur.es/assets/img/staff/jack-wang-1.jpg]
[sp21.datastructur.es/assets/img/staff/joshua-blanchard-1.jpg]
[sp21.datastructur.es/assets/img/staff/joshua-yang-1.jpg]
[sp21.datastructur.es/assets/img/staff/linda-deng-1.jpg]
[sp21.datastructur.es/assets/img/staff/luke-liu-1.jpg]
[sp21.datastructur.es/assets/img/staff/naama-bareket-1.jpg]
[sp21.datastructur.es/assets/img/staff/neil-kulkarni-1.jpg]
[sp21.datastructur.es/assets/img/staff/omar-khan-1.jpg]
[sp21.datastructur.es/assets/img/staff/richa-kotni-1.jpg]
[sp21.datastructur.es/assets/img/staff/robin-qiu-1.jpg]
[sp21.datastructur.es/assets/img/staff/romain-priour-1.jpg]
[sp21.datastructur.es/assets/img/staff/sara-reynolds-1.jpg]
[sp21.datastructur.es/assets/img/staff/sarah-liu-1.jpg]
[sp21.datastructur.es/assets/img/staff/sarina-sabouri-1.jpg]
[sp21.datastructur.es/assets/img/staff/sherry-fan-1.jpg]
[sp21.datastructur.es/assets/img/staff/shreyas-kompalli-1.jpg]
[sp21.datastructur.es/assets/img/staff/sohum-hulyalkar-1.jpg]
[sp21.datastructur.es/assets/img/staff/sumer-kohli-1.jpg]
[sp21.datastructur.es/assets/img/staff/tony-kam-1.jpg]
[sp21.datastructur.es/assets/img/staff/vidya-ganga-1.jpg]
[sp21.datastructur.es/assets/img/staff/abhishek-kumar-1.jpg]
[sp21.datastructur.es/assets/img/staff/ahmed-baqai-1.jpg]
[sp21.datastructur.es/assets/img/staff/angela-chen-1.jpg]
[sp21.datastructur.es/assets/img/staff/arushi-somani-1.jpg]
[sp21.datastructur.es/assets/img/staff/avyakth-challa-1.jpg]
[sp21.datastructur.es/assets/img/staff/david-lee-1.jpg]
[sp21.datastructur.es/assets/img/staff/jesse-dai-1.jpg]
[sp21.datastructur.es/assets/img/staff/michael-sparre-1.jpg]
[sp21.datastructur.es/assets/img/staff/nandini-singh-1.jpg]
[sp21.datastructur.es/assets/img/staff/nikhil-mandava-1.jpg]
[sp21.datastructur.es/assets/img/staff/nishant-patwardhan-1.jpg]
[sp21.datastructur.es/assets/img/staff/saad-jamal-1.jpg]
[sp21.datastructur.es/assets/img/staff/saikumar-gantla-1.jpg]
[sp21.datastructur.es/assets/img/staff/sean-kim-1.jpg]
[sp21.datastructur.es/assets/img/staff/shreyans-sethi-1.jpg]
[sp21.datastructur.es/assets/img/staff/shriya-nandwani-1.jpg]
[sp21.datastructur.es/assets/img/staff/smruthi-balajee-1.jpg]
[sp21.datastructur.es/assets/img/staff/srinidhi-sankar-1.jpg]
[sp21.datastructur.es/assets/img/staff/todd-yu-1.jpg]
[cdnjs.cloudflare.com/ajax/libs/vanilla-lazyload/8.6.0/lazyload.min.js]
[sp21.datastructur.es/assets/js/staff.js]
[sp21.datastructur.es/staff.html]
[sp21.datastructur.es/assets/js/staff-eli-special.js]
[sp21.datastructur.es/materials/review/tutor-review-1.pdf]
[sp21.datastructur.es/materials/review/tutor-review-1-sol.pdf]
[sp21.datastructur.es/materials/review/tutor-review-2.pdf]
[sp21.datastructur.es/materials/review/tutor-review-2-sol.pdf]
[sp21.datastructur.es/materials/review/tutor-review-3.pdf]
[sp21.datastructur.es/materials/review/tutor-review-3-sol.pdf]
[sp21.datastructur.es/materials/review/tutor-review-4.pdf]
[sp21.datastructur.es/materials/review/tutor-review-4-sol.pdf]
[sp21.datastructur.es/materials/review/tutor-review-5.pdf]
[sp21.datastructur.es/materials/review/tutor-review-5-sol.pdf]
[sp21.datastructur.es/materials/review/tutor-review-6.pdf]
[sp21.datastructur.es/materials/review/tutor-review-6-sol.pdf]
[sp21.datastructur.es/materials/exam-review/mt1-review-session-1-worksheet.pdf]
[sp21.datastructur.es/materials/exam-review/mt1-review-session-1-solutions.pdf]
[sp21.datastructur.es/materials/exam-review/mt1-review-session-2-worksheet.pdf]
[sp21.datastructur.es/materials/exam-review/mt1-review-session-2-solutions.pdf]
[sp21.datastructur.es/materials/guides/debugging-guide.html]
[sp21.datastructur.es/materials/guides/discord-guide-2.html]
[sp21.datastructur.es/materials/guides/git-wtfs.html]
[sp21.datastructur.es/materials/guides/beacon-guide-2.html]
[sp21.datastructur.es/materials/guides/ed-guide-2.html]
[sp21.datastructur.es/materials/guides/intellij-wtfs.html]
[sp21.datastructur.es/materials/guides/style-guide-2.html]
[sp21.datastructur.es/materials/guides/office-hours-2.html]
[sp21.datastructur.es/materials/guides/make-install.html]
[sp21.datastructur.es/resources.html]
[sp21.datastructur.es/materials/guides/asymptotics.html]
[sp21.datastructur.es/assets/css/lab.css]
[sp21.datastructur.es/materials/exam/local_recording.html]
[sp21.datastructur.es/It will be updated close to exam time]
[cdn.mathjax.org/mathjax/latest/MathJaxdda6.js]
[sp21.datastructur.es/exams.html]
[sp21.datastructur.es/materials/exam/proctoring.html]
[sp21.datastructur.es/assets/js/toggle.js]
[sp21.datastructur.es/announcements.html]
[sp21.datastructur.es/materials/guides/partnerships-2.html]
[cdn.mobygames.com/screenshots/10477785-zelda-ii-the-adventure-of-link-nes-an-overhead-view-of-hyrule.jpg]
[sp21.datastructur.es/materials/proj/proj3/img/brogue_textbased_example.png]
[sp21.datastructur.es/materials/proj/proj3/img/compliant_world_example.png]
[sp21.datastructur.es/materials/proj/proj3/img/access_config.png]
[sp21.datastructur.es/materials/proj/proj3/img/mainmenu_example.png]
[sp21.datastructur.es/materials/proj/proj3/capers-example.html]
[sp21.datastructur.es/materials/proj/proj3/img/UI_example0.png]
[sp21.datastructur.es/materials/proj/proj3/img/UI_example1.png]
[sp21.datastructur.es/materials/proj/proj3/img/UI_example2.png]
[sp21.datastructur.es/materials/proj/proj3/img/line-of-sight.gif]
[sp21.datastructur.es/materials/proj/proj3/img/toggle-lights.gif]
[sp21.datastructur.es/materials/proj/proj3/img/enemy.gif]
[sp21.datastructur.es/materials/proj/proj3/img/encounter.gif]
[sp21.datastructur.es/materials/proj/proj3/img/replay.gif]
[sp21.datastructur.es/materials/proj/proj3/proj3checkoff.html]
[sp21.datastructur.es/materials/proj/proj3/proj3.html]
[sp21.datastructur.es/materials/guides/partnerships3.html]
[sp21.datastructur.es/materials/proj/proj2/gitlet-design-notes.pdf]
[sp21.datastructur.es/materials/proj/proj2/image/three_commits.png]
[sp21.datastructur.es/materials/proj/proj2/image/simple_head.png]
[sp21.datastructur.es/materials/proj/proj2/image/reverted_head.png]
[sp21.datastructur.es/materials/proj/proj2/image/two_versions.png]
[sp21.datastructur.es/materials/proj/proj2/image/two_developed_versions.png]
[sp21.datastructur.es/materials/proj/proj2/image/commits-and-blobs.png]
[sp21.datastructur.es/materials/proj/proj2/image/before_and_after_commit.png]
[sp21.datastructur.es/materials/proj/proj2/image/history.png]
[sp21.datastructur.es/materials/proj/proj2/image/simple_history.png]
[sp21.datastructur.es/materials/proj/proj2/image/just_called_branch.png]
[sp21.datastructur.es/materials/proj/proj2/image/just_switched_branch.png]
[sp21.datastructur.es/materials/proj/proj2/image/commit_on_branch.png]
[sp21.datastructur.es/materials/proj/proj2/image/checkout_master.png]
[sp21.datastructur.es/materials/proj/proj2/image/branched.png]
[sp21.datastructur.es/materials/proj/proj2/image/split_point.png]
[sp21.datastructur.es/materials/proj/proj2/design.html]
[sp21.datastructur.es/materials/proj/proj2/capers-example.html]
[sp21.datastructur.es/materials/proj/proj2/proj2.html]
[sp21.datastructur.es/materials/guides/staff-gitlet.html]
[sp21.datastructur.es/materials/guides/assets/img/favicon.ico]
[sp21.datastructur.es/materials/guides/gitbug-template.png]
[sp21.datastructur.es/materials/guides/bad-gitbug.png]
[sp21.datastructur.es/materials/guides/good-gitbug.png]
[sp21.datastructur.es/materials/guides/gitbugs.html]
[sp21.datastructur.es/materials/guides/using-git.html]
[sp21.datastructur.es/materials/proj/proj1/proj1ec.html]
[sp21.datastructur.es/materials/proj/proj1/karplus-strong.png]
[sp21.datastructur.es/materials/proj/proj1/java_visualizer.png]
[sp21.datastructur.es/materials/proj/proj1/proj1.html]
[sp21.datastructur.es/materials/guides/ed-policies.html]
[sp21.datastructur.es/materials/guides/landing-page.png]
[sp21.datastructur.es/materials/guides/unanswered.png]
[sp21.datastructur.es/materials/guides/clarified.png]
[sp21.datastructur.es/materials/guides/answered.png]
[sp21.datastructur.es/materials/guides/green-check.png]
[sp21.datastructur.es/materials/guides/endoresement.png]
[sp21.datastructur.es/materials/guides/like.png]
[sp21.datastructur.es/materials/guides/watch.png]
[sp21.datastructur.es/materials/guides/star.png]
[sp21.datastructur.es/materials/guides/categories.png]
[sp21.datastructur.es/materials/guides/ed-format-bar.png]
[sp21.datastructur.es/materials/guides/ed-text-type.png]
[sp21.datastructur.es/materials/guides/bold-italics-underline.png]
[sp21.datastructur.es/materials/guides/code.png]
[sp21.datastructur.es/materials/guides/link.png]
[sp21.datastructur.es/materials/guides/bullets-numbered.png]
[sp21.datastructur.es/materials/guides/image-icon.png]
[sp21.datastructur.es/materials/guides/video.png]
[sp21.datastructur.es/materials/guides/attach-file.png]
[sp21.datastructur.es/materials/guides/latex.png]
[sp21.datastructur.es/materials/guides/interactive-code.png]
[sp21.datastructur.es/materials/guides/web-stuff.png]
[sp21.datastructur.es/materials/guides/draw.png]
[sp21.datastructur.es/materials/guides/preview.png]
[sp21.datastructur.es/materials/guides/example-question.png]
[sp21.datastructur.es/materials/guides/ed-search.png]
[sp21.datastructur.es/materials/guides/megathread.png]
[sp21.datastructur.es/materials/guides/megathread-comment.png]
[sp21.datastructur.es/materials/guides/megathread-sort.png]
[sp21.datastructur.es/materials/guides/ed-guide.html]
[sp21.datastructur.es/about-2.html]
[sp21.datastructur.es/materials/guides/beacon-guide.html]
[sp21.datastructur.es/materials/guides/office-hours.html]
[sp21.datastructur.es/materials/lab/lab1setup/windows.html]
[sp21.datastructur.es/materials/lab/lab1setup/mac.html]
[sp21.datastructur.es/materials/lab/lab1setup/linux.html]
[sp21.datastructur.es/materials/lab/lab1setup/img/hello_world.png]
[sp21.datastructur.es/materials/lab/lab1setup/img4/path.png]
[sp21.datastructur.es/materials/lab/lab1setup/img2/plugin_setup1.png]
[sp21.datastructur.es/materials/lab/lab1setup/img2/plugin_setup2.png]
[sp21.datastructur.es/materials/lab/lab1setup/img2/plugin_setup3.png]
[sp21.datastructur.es/materials/guides/plugin.html]
[sp21.datastructur.es/materials/lab/lab1setup/lab1setup.html]
[sp21.datastructur.es/materials/lab/lab1/img/intellij_start_menu.png]
[sp21.datastructur.es/materials/lab/lab1setup/lab1setup-2.html]
[sp21.datastructur.es/materials/lab/lab1/img/main_screen_when_done_lab1.png]
[sp21.datastructur.es/materials/lab/lab1/img/main_screen_when_done_lab1_HelloNumbers_open.png]
[sp21.datastructur.es/materials/lab/lab1/img/main_screen_when_done_lab1_HelloNumbers_run_run.png]
[sp21.datastructur.es/materials/lab/lab1/img/main_screen_when_done_lab1_HelloNumbers_run_run_after_click.png]
[sp21.datastructur.es/materials/lab/lab1/lab1SnapsSetupWindows.html]
[sp21.datastructur.es/materials/lab/lab1/lab1SnapsSetupMacAndLinux.html]
[sp21.datastructur.es/materials/lab/lab1/img4/windows_about_to_run_checklabconfig.png]
[sp21.datastructur.es/materials/lab/lab1/img4/windows_check_lab_config_option.png]
[sp21.datastructur.es/materials/lab/lab1/img/github_repo_and_branch_selection.png]
[sp21.datastructur.es/materials/lab/lab1/hug_sunburst.jar]
[sp21.datastructur.es/materials/lab/lab1/lab1.html]
[sp21.datastructur.es/materials/hw/hw0/hw0_supplementary_conditionals.txt]
[sp21.datastructur.es/materials/hw/hw0/hw0_supplementary_loops.txt]
[sp21.datastructur.es/materials/hw/hw0/hw0_copy_and_paste.html]
[sp21.datastructur.es/materials/hw/hw0/hw0_supplementary_arrays.txt]
[sp21.datastructur.es/materials/hw/hw0/hw0.html]
[sp21.datastructur.es/materials/lectures/lec1/lec1.html]
[sp21.datastructur.es/materials/proj/proj0/img/example-2048.gif]
[sp21.datastructur.es/materials/proj/proj0/img/intellij-pre-open.png]
[sp21.datastructur.es/materials/proj/proj0/img/intellij-open.png]
[sp21.datastructur.es/materials/proj/proj0/img/list-files.png]
[sp21.datastructur.es/materials/proj/proj0/img/opening-project-structure.png]
[sp21.datastructur.es/materials/proj/proj0/img/java15.png]
[sp21.datastructur.es/materials/proj/proj0/img/intellij-setup.gif]
[sp21.datastructur.es/materials/proj/proj0/img/run-main.png]
[sp21.datastructur.es/materials/proj/proj0/img/intellij-error.png]
[sp21.datastructur.es/materials/proj/proj0/img/invalidate-caches.png]
[sp21.datastructur.es/materials/proj/proj0/img/test-empty-space-all-fail.png]
[sp21.datastructur.es/materials/proj/proj0/img/test-completely-empty.png]
[sp21.datastructur.es/materials/proj/proj0/img/test-up-error-msg.png]
[sp21.datastructur.es/materials/proj/proj0/img/comparison.png]
[sp21.datastructur.es/materials/proj/proj0/proj0.html]
[sp21.datastructur.es/materials/lectures/lec2/lec2.html]
[sp21.datastructur.es/materials/lectures/lec7/lec7.html]
[sp21.datastructur.es/materials/lab/lab2setup/lab2setup.html]
[sp21.datastructur.es/materials/lab/lab2/img2/folder_structure.png]
[sp21.datastructur.es/materials/lab/lab2/img2/run_button.png]
[sp21.datastructur.es/materials/lab/lab2/img2/debug_button.png]
[sp21.datastructur.es/materials/lab/lab2/img2/breakpoint.png]
[sp21.datastructur.es/materials/lab/lab2/img2/step_into.png]
[sp21.datastructur.es/materials/lab/lab2/img/lab3_run.png]
[sp21.datastructur.es/materials/lab/lab2/img/lab3_run_menu.png]
[sp21.datastructur.es/materials/lab/lab2/img/default_renderer.png]
[sp21.datastructur.es/materials/lab/lab2/img2/how-to-run-a-single-test.png]
[sp21.datastructur.es/materials/lab/lab2/img2/debuggerPickAFunction.png]
[sp21.datastructur.es/materials/lab/lab2/lab2.html]
[sp21.datastructur.es/materials/lectures/lec3/lec3.html]
[sp21.datastructur.es/materials/lectures/lec4/lec4.html]
[sp21.datastructur.es/materials/lectures/lec5/lec5.html]
[sp21.datastructur.es/materials/lab/lab3/testThreeAddThreeRemove.txt]
[sp21.datastructur.es/materials/lab/lab3/img/resume_button.png]
[sp21.datastructur.es/materials/lab/lab3/img/conditional_breakpoint.png]
[sp21.datastructur.es/materials/lab/lab3/partialRandomizedComparisons.txt]
[sp21.datastructur.es/materials/lab/lab3/img/breakpoints.png]
[sp21.datastructur.es/materials/lab/lab3/img/breakpoints_filled_in.png]
[sp21.datastructur.es/materials/lab/lab3/lab3.html]
[sp21.datastructur.es/materials/lectures/lec6/lec6.html]
[sp21.datastructur.es/materials/lectures/lec8/lec8.html]
[sp21.datastructur.es/materials/lectures/lec9/lec9.html]
[sp21.datastructur.es/materials/guides/git-wtfs-2.html]
[sp21.datastructur.es/materials/lab/lab4/lab4.html]
[sp21.datastructur.es/materials/lectures/lec10/lec10.html]
[sp21.datastructur.es/materials/lectures/lec11/lec11.html]
[sp21.datastructur.es/materials/lab/lab5/knaveos.html]
[sp21.datastructur.es/materials/lab/lab5/lab5.html]
[sp21.datastructur.es/materials/lectures/lec13/lec13.html]
[sp21.datastructur.es/materials/lectures/lec14/lec14.html]
[sp21.datastructur.es/materials/lab/lab6/img/intellij_cwd.png]
[sp21.datastructur.es/materials/lab/lab6/img/run.png]
[sp21.datastructur.es/materials/lab/lab6/img/edit-box.png]
[sp21.datastructur.es/materials/lab/lab6/img/remote-debug.png]
[sp21.datastructur.es/materials/lab/lab6/lab6.html]
[sp21.datastructur.es/materials/lectures/lec15/lec15.html]
[sp21.datastructur.es/materials/lectures/lec16/lec16.html]
[sp21.datastructur.es/materials/lectures/lec17/lec17.html]
[sp21.datastructur.es/materials/lab/lab7/lab7.html]
[sp21.datastructur.es/materials/lectures/lec18/lec18.html]
[sp21.datastructur.es/materials/lectures/lec20/lec20.html]
[sp21.datastructur.es/materials/lectures/lec21/lec21.html]
[sp21.datastructur.es/materials/lab/lab8/img/ht-buckets.png]
[sp21.datastructur.es/materials/lab/lab8/lab8.html]
[sp21.datastructur.es/materials/lectures/lec23/lec23.html]
[sp21.datastructur.es/materials/lectures/lec24/this xkcd]
[sp21.datastructur.es/materials/lectures/lec24/lec24.html]
[sp21.datastructur.es/materials/lectures/lec25/Fall 2013 final]
[sp21.datastructur.es/materials/lectures/lec25/lec25.html]
[sp21.datastructur.es/materials/lectures/lec26/thisgraph for an example of one for which the MST is a SPT]
[sp21.datastructur.es/materials/lectures/lec26/Sharks and Minnows]
[sp21.datastructur.es/materials/lectures/lec26/lec26.html]
[sp21.datastructur.es/materials/lectures/lec19/lec19.html]
[sp21.datastructur.es/materials/lectures/lec22/lec22.html]
[sp21.datastructur.es/materials/lectures/lec31/lec31.html]
[sp21.datastructur.es/materials/lectures/lec29/lec29.html]
[sp21.datastructur.es/materials/lab/lab12/img/intelliJImport.png]
[sp21.datastructur.es/materials/lab/lab12/img/boringWorld.png]
[sp21.datastructur.es/materials/lab/lab12/img/randomWorld.png]
[sp21.datastructur.es/materials/lab/lab12/img/exampleWorld.png]
[sp21.datastructur.es/materials/lab/lab12/img/exampleWorldSideLength2.png]
[sp21.datastructur.es/materials/lab/lab12/img/exampleWorldSideLength4.png]
[sp21.datastructur.es/materials/lab/lab12/lab12.html]
[sp21.datastructur.es/materials/lectures/lec30/lec30.html]
[sp21.datastructur.es/materials/proj/proj3/img/ngrok.png]
[sp21.datastructur.es/materials/proj/proj3/proj3GameSharing.html]
[sp21.datastructur.es/materials/lectures/lec34/lec34.html]
[sp21.datastructur.es/materials/lectures/lec32/lec32.html]
[sp21.datastructur.es/materials/lab/lab13/img/memory-game-example.gif]
[sp21.datastructur.es/materials/lab/lab13/img/image.png]
[sp21.datastructur.es/materials/lab/lab13/lab13.html]
[sp21.datastructur.es/materials/lectures/lec37/lec37.html]
[sp21.datastructur.es/materials/lectures/lec33/lec33.html]
[sp21.datastructur.es/materials/lectures/lec35/lec35.html]
[sp21.datastructur.es/materials/lectures/lec36/lec36.html]
[sp21.datastructur.es/materials/lectures/lec38/lec38.html]
[sp21.datastructur.es/assets/fonts/fontawesome-webfont3e6e.svg]
[sp21.datastructur.es/assets/css/about.css]
[sp21.datastructur.es/materials/discussion/disc01.pdf]
[sp21.datastructur.es/materials/lab/lab1/lab1-2.html]
[sp21.datastructur.es/materials/proj/proj0/proj0-2.html]
[sp21.datastructur.es/materials/lectures/lec4/lec4-2.html]
[sp21.datastructur.es/materials/lab/lab2/lab2-2.html]
[sp21.datastructur.es/materials/lectures/lec5/lec5-2.html]
[sp21.datastructur.es/materials/lectures/lec6/lec6-2.html]
[sp21.datastructur.es/materials/proj/proj1/proj1-2.html]
[sp21.datastructur.es/materials/lectures/lec7/lec7-2.html]
[sp21.datastructur.es/materials/lab/lab3/lab3-2.html]
[sp21.datastructur.es/materials/lectures/lec8/lec8-2.html]
[sp21.datastructur.es/materials/lectures/lec9/lec9-2.html]
[sp21.datastructur.es/materials/lectures/lec10/lec10-2.html]
[sp21.datastructur.es/materials/lab/lab4/lab4-2.html]
[sp21.datastructur.es/materials/lectures/lec11/lec11-2.html]
[sp21.datastructur.es/materials/guides/getting-started.html]
[sp21.datastructur.es/staff-2.html]
[sp21.datastructur.es/materials/47b/47b.html]
[sp21.datastructur.es/materials/guides/helped.png]
[sp21.datastructur.es/materials/guides/resolved.png]
[sp21.datastructur.es/materials/guides/esca.png]
[sp21.datastructur.es/materials/guides/escres.png]
[sp21.datastructur.es/materials/guides/discord-guide.html]
[sp21.datastructur.es/materials/guides/style-guide.html]
[sp21.datastructur.es/materials/guides/partnerships.html]
[sp21.datastructur.es/materials/guides/incident-reports-2017.html]
[sp21.datastructur.es/assets/css/staff.css]
[sp21.datastructur.es/hannahly.github.html]
[sp21.datastructur.es/assets/img/staff/angela-chen-1.jpg]
[sp21.datastructur.es/assets/img/staff/avyakth-challa-1.jpg]
[sp21.datastructur.es/assets/img/staff/saikumar-gantla-1.jpg]
[sp21.datastructur.es/assets/img/staff/shreyans-sethi-1.jpg]
[sp21.datastructur.es/assets/img/staff/shriya-nandwani-1.jpg]
[sp21.datastructur.es/materials/review/tutor-review-4-sol.pdf]
[sp21.datastructur.es/materials/review/tutor-review-5-sol.pdf]
[sp21.datastructur.es/materials/guides/beacon-guide-2.html]
[sp21.datastructur.es/materials/guides/img/debugging-stack-trace.png]
[sp21.datastructur.es/materials/guides/img/debugging-edit-configurations.png]
[sp21.datastructur.es/materials/guides/img/debugging-normal-breakpoint.png]
[sp21.datastructur.es/materials/guides/img/debugging-conditional-breakpoint.png]
[sp21.datastructur.es/materials/guides/img/debugging-top-toolbar.png]
[sp21.datastructur.es/materials/guides/img/debugging-left-toolbar.png]
[sp21.datastructur.es/materials/guides/img/debugging-debug-view.png]
[sp21.datastructur.es/materials/guides/img/debugging-evaluate-expression.png]
[sp21.datastructur.es/materials/guides/img/debugging-code-state.png]
[sp21.datastructur.es/materials/guides/debugging-guide.html]
[sp21.datastructur.es/materials/guides/discord-guide-2.html]
[sp21.datastructur.es/materials/guides/git-wtfs.html]
[sp21.datastructur.es/materials/guides/ed-guide-2.html]
[sp21.datastructur.es/materials/guides/ed-policies-2.html]
[sp21.datastructur.es/materials/guides/partnerships-2.html]
[sp21.datastructur.es/materials/guides/img/intellij-import-error.png]
[sp21.datastructur.es/materials/guides/img/intellij-mark-dir-as.png]
[sp21.datastructur.es/materials/lab/lab2setup/lab2setup-2.html]
[sp21.datastructur.es/materials/guides/img/intellij-missing-javalib.png]
[sp21.datastructur.es/materials/guides/img/intellij-junit-dnt-exist.png]
[sp21.datastructur.es/materials/guides/img/intellij-adding-deps.png]
[sp21.datastructur.es/materials/guides/img/intellij-out-not-specified.png]
[sp21.datastructur.es/materials/guides/img/intellij-specifying-out.png]
[sp21.datastructur.es/materials/guides/intellij-wtfs.html]
[sp21.datastructur.es/materials/guides/style-guide-2.html]
[sp21.datastructur.es/materials/guides/office-hours-2.html]
[sp21.datastructur.es/materials/guides/make-img/windows-1.png]
[sp21.datastructur.es/materials/guides/make-img/windows-2.png]
[sp21.datastructur.es/materials/guides/make-img/windows-3.png]
[sp21.datastructur.es/materials/guides/make-install.html]
[sp21.datastructur.es/materials/guides/asymptotics.html]
[sp21.datastructur.es/assets/css/lab.css]
[sp21.datastructur.es/materials/exam/image/proctor1.png]
[sp21.datastructur.es/materials/exam/image/proctor2.png]
[sp21.datastructur.es/materials/exam/image/proctor3.png]
[sp21.datastructur.es/materials/exam/image/proctor4.png]
[sp21.datastructur.es/materials/exam/image/proctor5.png]
[sp21.datastructur.es/materials/exam/proctoring.html]
[sp21.datastructur.es/materials/exam/image/proctor6.png]
[sp21.datastructur.es/materials/exam/image/proctor7.png]
[sp21.datastructur.es/materials/exam/local_recording.html]
[sp21.datastructur.es/It will be updated close to exam time.html]
[sp21.datastructur.es/materials/proj/proj3/img/program_args.png]
[sp21.datastructur.es/materials/proj/proj3/capers-example.html]
[sp21.datastructur.es/materials/proj/proj3/img/toggle-lights.gif]
[sp21.datastructur.es/materials/proj/proj3/img/enemy.gif]
[sp21.datastructur.es/materials/proj/proj3/proj3checkoff.html]
[sp21.datastructur.es/materials/proj/proj2/design.html]
[sp21.datastructur.es/materials/proj/proj2/capers-example.html]
[sp21.datastructur.es/materials/guides/assets/img/favicon.html]
[sp21.datastructur.es/materials/proj/proj2/capers-example-2.html]
[sp21.datastructur.es/materials/guides/img/graph1.svg]
[sp21.datastructur.es/materials/guides/img/graph2.svg]
[sp21.datastructur.es/materials/guides/img/graph3.svg]
[sp21.datastructur.es/materials/guides/img/graph4.svg]
[sp21.datastructur.es/materials/guides/img/Exercise2.2.png]
[sp21.datastructur.es/materials/guides/img/github-remote-url.png]
[sp21.datastructur.es/materials/guides/img/Exercise2.3.png]
[sp21.datastructur.es/materials/guides/img/Exercise2.4.png]
[sp21.datastructur.es/materials/guides/img/Exercise2.5.png]
[sp21.datastructur.es/materials/guides/img/Exercise2.6.png]
[sp21.datastructur.es/materials/guides/img/Exercise2.7.png]
[sp21.datastructur.es/materials/guides/img/Exercise2.8.png]
[sp21.datastructur.es/materials/guides/img/Exercise2.9.png]
[sp21.datastructur.es/materials/guides/using-git.html]
[sp21.datastructur.es/materials/proj/proj1/proj1ec.html]
[sp21.datastructur.es/materials/guides/megathread-comment.png]
[sp21.datastructur.es/materials/guides/megathread-sort.png]
[sp21.datastructur.es/materials/lab/lab1setup/img/openJDK_install.png]
[sp21.datastructur.es/materials/lab/lab1setup/img/openJDK_install_2.png]
[sp21.datastructur.es/materials/lab/lab1setup/img/git_download.png]
[sp21.datastructur.es/materials/lab/lab1setup/img/git_install1.png]
[sp21.datastructur.es/materials/lab/lab1setup/img/git_text_editor.png]
[sp21.datastructur.es/materials/lab/lab1setup/img/git-bash-install.png]
[sp21.datastructur.es/materials/lab/lab1setup/img/bash_text_editor_check.png]
[sp21.datastructur.es/materials/lab/lab1setup/img/terminal_default.png]
[sp21.datastructur.es/materials/lab/lab1setup/img/terminal_setup_1.png]
[sp21.datastructur.es/materials/lab/lab1setup/img/terminal_setup_2.png]
[sp21.datastructur.es/materials/lab/lab1setup/img/terminal_setup_3.png]
[sp21.datastructur.es/materials/lab/lab1setup/img/terminal_setup_4.png]
[sp21.datastructur.es/materials/lab/lab1setup/img/terminal_setup_5.png]
[sp21.datastructur.es/materials/lab/lab1setup/img/terminal_setup_6.png]
[sp21.datastructur.es/materials/lab/lab1setup/windows.html]
[sp21.datastructur.es/materials/lab/lab1setup/img/homebrew_warnings.png]
[sp21.datastructur.es/materials/lab/lab1setup/mac.html]
[sp21.datastructur.es/materials/lab/lab1setup/linux.html]
[sp21.datastructur.es/materials/guides/img/plugin-checkstyle-button.png]
[sp21.datastructur.es/materials/guides/img/plugin-checkstyle-results.png]
[sp21.datastructur.es/materials/guides/img/plugin-visualizer-tab.png]
[sp21.datastructur.es/materials/guides/img/plugin-visualizer-view.png]
[sp21.datastructur.es/materials/guides/plugin.html]
[sp21.datastructur.es/materials/lab/lab1setup/lab1setup-2.html]
[sp21.datastructur.es/materials/lab/lab1/img4/windows_start_menu.png]
[sp21.datastructur.es/materials/lab/lab1/img4/edit_the_system_environment_variables_search.png]
[sp21.datastructur.es/materials/lab/lab1/img4/windows_system_properties.png]
[sp21.datastructur.es/materials/lab/lab1/img4/windows_environment_variables.png]
[sp21.datastructur.es/materials/lab/lab1/img4/windows_new_system_variable.png]
[sp21.datastructur.es/materials/lab/lab1/img4/windows_new_system_variable_name_entered.png]
[sp21.datastructur.es/materials/lab/lab1/img4/windows_browsing_for_repo_folder.png]
[sp21.datastructur.es/materials/lab/lab1/img4/windows_done_with_system_variable.png]
[sp21.datastructur.es/materials/lab/lab1/lab1SnapsSetupWindows.html]
[sp21.datastructur.es/materials/lab/lab1/img4/run_shortcut.png]
[sp21.datastructur.es/materials/lab/lab1/lab1SnapsSetupMacAndLinux.html]
[sp21.datastructur.es/materials/hw/hw0/hw0_copy_and_paste.html]
[sp21.datastructur.es/materials/proj/proj0/img/opening-project-structure.png]
[sp21.datastructur.es/materials/lab/lab2setup/img3/intellij-home-screen-for-maven.png]
[sp21.datastructur.es/materials/lab/lab2setup/img3/maven-settings.png]
[sp21.datastructur.es/materials/lab/lab2setup/img3/maven-settings-highlighted.png]
[sp21.datastructur.es/materials/lab/lab2setup/img3/open-as-file-or-project.png]
[sp21.datastructur.es/materials/lab/lab2setup/img3/run_run.png]
[sp21.datastructur.es/materials/lab/lab2setup/img3/run_dialog.png]
[sp21.datastructur.es/materials/lab/lab2setup/img3/tests_passed.png]
[sp21.datastructur.es/materials/lab/lab2setup/lab2setup.html]
[sp21.datastructur.es/materials/guides/git-wtfs-2.html]
[sp21.datastructur.es/materials/lab/lab5/knaveos.html]
[sp21.datastructur.es/materials/lectures/lec24/this xkcd.html]
[sp21.datastructur.es/materials/lectures/lec25/Fall 2013 final.html]
[sp21.datastructur.es/materials/lectures/lec26/thisgraph for an example of one for which the MST is a SPT.html]
[sp21.datastructur.es/materials/lectures/lec26/Sharks and Minnows.html]
[sp21.datastructur.es/materials/lab/lab1/lab1-2.html]
[sp21.datastructur.es/materials/proj/proj0/proj0-2.html]
[sp21.datastructur.es/materials/lectures/lec4/lec4-2.html]
[sp21.datastructur.es/materials/lab/lab2/lab2-2.html]
[sp21.datastructur.es/materials/lectures/lec5/lec5-2.html]
[sp21.datastructur.es/materials/lectures/lec6/lec6-2.html]
[sp21.datastructur.es/materials/proj/proj1/proj1-2.html]
[sp21.datastructur.es/materials/lectures/lec7/lec7-2.html]
[sp21.datastructur.es/materials/lab/lab3/lab3-2.html]
[sp21.datastructur.es/materials/lectures/lec8/lec8-2.html]
[sp21.datastructur.es/materials/lectures/lec9/lec9-2.html]
[sp21.datastructur.es/materials/lectures/lec10/lec10-2.html]
[sp21.datastructur.es/materials/lab/lab4/lab4-2.html]
[sp21.datastructur.es/materials/lectures/lec11/lec11-2.html]
[sp21.datastructur.es/staff-2.html]
[sp21.datastructur.es/materials/guides/ed-policies-2.html]
[sp21.datastructur.es/materials/lab/lab2setup/lab2setup-2.html]
[sp21.datastructur.es/materials/exam/image/proctor1.png]
[sp21.datastructur.es/materials/proj/proj2/capers-example-2.html]
[sp21.datastructur.es/materials/guides/img/graph1.svg]
[sp21.datastructur.es/materials/guides/img/graph2.svg]
[sp21.datastructur.es/materials/exam/image/proctor7.png]
[sp21.datastructur.es/materials/guides/img/graph3.svg]
[sp21.datastructur.es/materials/guides/img/graph4.svg]
[sp21.datastructur.es/materials/guides/img/file-status.png]
[sp21.datastructur.es/materials/lab/lab1setup/'https_/youtu.be/Ws-irWyp-G8'.1f8.delayed]
[sp21.datastructur.es/materials/lab/lab1setup/windows_setup_video.html]
[sp21.datastructur.es/materials/lab/lab1setup/'https_/youtu.be/Ws-irWyp-G8'.html]
[sp21.datastructur.es/materials/exam/image/proctor7.png]
